// Jest Snapshot v1, https://goo.gl/fbAQLP

exports[`Test in <GifGrid /> component Debe hacer match con el snapshot 1`] = `
<div>
  <h3>
    One punch
  </h3>
  <div
    class="card-grid"
  >
    <div
      class="card"
    >
      <img
        alt="Saitama"
        src="https://localhost/saitama.jpg"
      />
      <p>
        Saitama
      </p>
    </div>
    <div
      class="card"
    >
      <img
        alt="Rick"
        src="https://localhost/rick.jpg"
      />
      <p>
        Rick
      </p>
    </div>
  </div>
</div>
`;
