// Jest Snapshot v1, https://goo.gl/fbAQLP

exports[`Test in <GifItem /> component debe hacer match con el snapshot 1`] = `
<div>
  <div
    class="card"
  >
    <img
      alt="Saitama"
      src="https://media0.giphy.com/media/l3vRlt8kty8KKeHni/giphy.gif?cid=0e5a01445twqid0e3ylp7cuvb13r00q9884b8x1d01mp78ib&ep=v1_gifs_search&rid=giphy.gif&ct=g"
    />
    <p>
      Saitama
    </p>
  </div>
</div>
`;
